
=== INICIANDO PIPELINE ETL ===
[ETL] Cargando datos desde C:\Users\gonza\OneDrive - Universidad Nacional de Chimborazo\CUARTO SEMESTRE\Metahuristicas\Proyecto\mdi_personasdesaparecidas_pm_2017_2025.xlsx...
[ETL] Limpiando datos...
  - Eliminados 163 registros duplicados.
  - Creada variable objetivo 'target' (1: Encontrado, 0: No Encontrado).
    Distribución: {1: 0.9317504667823139, 0: 0.06824953321768608}
  - Imputada edad faltante con la mediana (17.0 años).
  - Coordenadas de desaparición convertidas a flotante e imputadas.
  - Eliminadas variables que producen Data Leakage o irrelevantes: ['fecha_localizacion', 'latitud_localizacion', 'longitud_localizacion', 'provincia_localizacion', 'dias_solucion', 'motivo_desaparicion', 'motivacion_desaparicion_observada', 'estado_desaparecido', 'Unnamed: 27', 'fecha_denuncia', 'fecha_conocimiento', 'codigo_provincia', 'codigo_canton', 'circuito', 'subcircuito', 'distrito', 'situacion_actual']
[ETL] Realizando ingeniería de características...
  - Creadas variables temporales y de antigüedad. Columnas actuales: ['zona', 'provincia', 'canton', 'latitud_desaparicion', 'longitud_desaparicion', 'sexo', 'nacionalidad', 'edad', 'rango_edad', 'etnia', 'target', 'desaparicion_anio', 'desaparicion_mes', 'desaparicion_dia', 'desaparicion_dia_semana', 'desaparicion_trimestre', 'antiguedad_dias']
[ETL] Dividiendo el dataset...
  - Dimensiones: Train=(52861, 16), Val=(11328, 16), Test=(11328, 16)
[ETL] Codificando variables categóricas...
  - Codificación ordinal aplicada a 'rango_edad'.
  - One-Hot Encoding aplicado a: ['sexo', 'etnia', 'zona']. Creadas 20 columnas.
  - Target Encoding aplicado a: ['provincia', 'canton', 'nacionalidad'].
[ETL] Comparando escaladores (StandardScaler vs MinMaxScaler)...
  - StandardScaler F1-Score: 0.96554
  - MinMaxScaler F1-Score: 0.96558
  - Seleccionado: MinMaxScaler
  - Escalador guardado en C:\Users\gonza\OneDrive - Universidad Nacional de Chimborazo\CUARTO SEMESTRE\Metahuristicas\Proyecto\models\scaler.joblib
[ETL] Aplicando balanceo de clases método: 'under'...
  - RandomUnderSampler aplicado. Dimensiones originales: (52861, 33), Nuevas: (7216, 33)
    Distribución de clases: {0: 3608, 1: 3608}
[ETL] ¡Pipeline ETL completado con éxito! Archivos guardados en data/processed/


=== INICIANDO PIPELINE EDA ===
  - Reporte científico guardado como eda_scientific_report.txt
  - Generando gráfico de variable objetivo...
  - Generando gráfico de distribución de edad...
  - Generando gráfico de distribución temporal...
  - Generando gráfico de distribución geográfica...
  - Generando gráfico de distribución por sexo...
  - Generando gráfico por etnia y nacionalidad...
  - Generando gráfico de correlación...
  - Generando mapa interactivo de calor (Folium)...
  - Mapa de Folium guardado con éxito.
[EDA] ¡Pipeline EDA completado con éxito! Gráficos guardados en outputs/figures/


=== INICIANDO PIPELINE SELECCIÓN DE VARIABLES ===
  - Ejecutando Método 1: Análisis de Correlación (multicolinealidad)...
    Variables eliminadas por alta correlación (>0.9): ['desaparicion_trimestre', 'antiguedad_dias', 'sexo_MUJER']
  - Entrenando modelo Random Forest Proxy...
  - Ejecutando Método 2: Importancia por Permutación (Permutation Importance)...
  - Ejecutando Método 3: Valores SHAP...
  - Ejecutando Método 4: RFE (Recursive Feature Elimination)...
  - Ejecutando Método 5: Información Mutua (Mutual Information)...

  - Tabla de Votos de Consenso:
                         Correlation  Permutation  SHAP  RFE  Mutual_Info  Total_Votes
canton                             1            1     1    1            1            5
desaparicion_anio                  1            1     1    1            1            5
latitud_desaparicion               1            1     1    1            1            5
longitud_desaparicion              1            1     1    1            1            5
edad                               1            1     1    1            1            5
rango_edad                         1            1     1    1            1            5
provincia                          1            1     1    0            1            4
sexo_HOMBRE                        1            0     1    1            1            4
antiguedad_dias                    0            1     1    1            1            4
sexo_MUJER                         0            0     1    1            1            3
desaparicion_dia                   1            1     0    1            0            3
desaparicion_dia_semana            1            1     0    0            0            2
nacionalidad                       1            0     0    0            0            1
desaparicion_mes                   1            0     0    0            0            1
etnia_AFRO                         1            0     0    0            0            1
etnia_ASIATICO/A                   1            0     0    0            0            1
etnia_BLANCO/A                     1            0     0    0            0            1
zona_ZONA 2                        1            0     0    0            0            1
etnia_INDIGENA                     1            0     0    0            0            1
etnia_MESTIZO/A                    1            0     0    0            0            1
etnia_MONTUBIO/A                   1            0     0    0            0            1
etnia_MULATO/A                     1            0     0    0            0            1
etnia_OTROS                        1            0     0    0            0            1
etnia_SIN_DATO                     1            0     0    0            0            1
zona_ZONA 1                        1            0     0    0            0            1
zona_ZONA 6                        1            0     0    0            0            1
zona_ZONA 3                        1            0     0    0            0            1
zona_ZONA 4                        1            0     0    0            0            1
zona_ZONA 5                        1            0     0    0            0            1
zona_ZONA 8                        1            0     0    0            0            1
zona_ZONA 7                        1            0     0    0            0            1
zona_ZONA 9                        1            0     0    0            0            1
desaparicion_trimestre             0            0     0    0            0            0

  - Variables Finales Seleccionadas (11): ['canton', 'desaparicion_anio', 'latitud_desaparicion', 'longitud_desaparicion', 'edad', 'rango_edad', 'provincia', 'sexo_HOMBRE', 'antiguedad_dias', 'sexo_MUJER', 'desaparicion_dia']
    Archivo recortado generado: X_train_selected.csv
    Archivo recortado generado: X_val_selected.csv
    Archivo recortado generado: X_test_selected.csv
[Feature Selection] ¡Selección de variables completada con éxito!


=== INICIANDO PIPELINE MODELO MLP BASE ===
  - Buscando arquitectura y configuración óptima para MLP Base...
    Evaluando configuración 1/4: {'n_layers': 2, 'neurons': 64, 'activation': 'relu', 'dropout': 0.2, 'learning_rate': 0.001, 'optimizer_name': 'adam'}
      Resultado Val AUC: 0.86025
    Evaluando configuración 2/4: {'n_layers': 2, 'neurons': 128, 'activation': 'relu', 'dropout': 0.3, 'learning_rate': 0.001, 'optimizer_name': 'adam'}
      Resultado Val AUC: 0.86041
    Evaluando configuración 3/4: {'n_layers': 3, 'neurons': 128, 'activation': 'elu', 'dropout': 0.3, 'learning_rate': 0.0005, 'optimizer_name': 'rmsprop'}
      Resultado Val AUC: 0.85771
    Evaluando configuración 4/4: {'n_layers': 3, 'neurons': 256, 'activation': 'selu', 'dropout': 0.4, 'learning_rate': 0.001, 'optimizer_name': 'adam'}
      Resultado Val AUC: 0.86137
  - Configuración óptima encontrada: {'n_layers': 3, 'neurons': 256, 'activation': 'selu', 'dropout': 0.4, 'learning_rate': 0.001, 'optimizer_name': 'adam'} (Val AUC: 0.86137)
  - Iniciando entrenamiento final del Modelo Base MLP...
    [Epoca 01/30] - loss: 0.5660 - val_loss: 0.5368 - acc: 0.7281 - val_acc: 0.7376
    [Epoca 05/30] - loss: 0.4988 - val_loss: 0.5335 - acc: 0.7634 - val_acc: 0.7332
    [Epoca 10/30] - loss: 0.4857 - val_loss: 0.4616 - acc: 0.7673 - val_acc: 0.7652
    [Epoca 15/30] - loss: 0.4820 - val_loss: 0.4374 - acc: 0.7752 - val_acc: 0.7732
    [Epoca 20/30] - loss: 0.4776 - val_loss: 0.4416 - acc: 0.7776 - val_acc: 0.7672
    [Epoca 25/30] - loss: 0.4756 - val_loss: 0.4732 - acc: 0.7783 - val_acc: 0.7512
  - Modelo base entrenado con éxito en 13.61 segundos.
  - Modelo base guardado en C:\Users\gonza\OneDrive - Universidad Nacional de Chimborazo\CUARTO SEMESTRE\Metahuristicas\Proyecto\models\mlp_base.keras
[Modelo Base] ¡Entrenamiento de MLP Base completado con éxito!


=== INICIANDO PIPELINE MODELO HÍBRIDO (MLP + GA) ===
  - Comparando diferentes tasas de mutación...
    - Inicializando evolución con Tasa de Mutación: 0.1
      Gen 01: Max Fitness = 0.80799, Avg = 0.73569
      Gen 02: Max Fitness = 0.80799, Avg = 0.79460
      Gen 03: Max Fitness = 0.81067, Avg = 0.79960
      Gen 04: Max Fitness = 0.81067, Avg = 0.79890
      Gen 05: Max Fitness = 0.81067, Avg = 0.80000
      Gen 06: Max Fitness = 0.81067, Avg = 0.79569
      Gen 07: Max Fitness = 0.81067, Avg = 0.80426
      Gen 08: Max Fitness = 0.81067, Avg = 0.80308
    Tasa 0.1: Mejor Fitness = 0.81067 (Tiempo: 121.67s)
    - Inicializando evolución con Tasa de Mutación: 0.2
      Gen 01: Max Fitness = 0.80513, Avg = 0.78464
      Gen 02: Max Fitness = 0.80524, Avg = 0.78575
      Gen 03: Max Fitness = 0.80524, Avg = 0.78792
      Gen 04: Max Fitness = 0.80524, Avg = 0.79265
      Gen 05: Max Fitness = 0.80524, Avg = 0.79329
      Gen 06: Max Fitness = 0.80524, Avg = 0.79214
      Gen 07: Max Fitness = 0.80524, Avg = 0.79687
      Gen 08: Max Fitness = 0.80800, Avg = 0.79457
    Tasa 0.2: Mejor Fitness = 0.80800 (Tiempo: 116.39s)

  - Mejor individuo del GA (cromosoma): [3, 2, 3, 4, 1, 2, 0, 2]
  - Parámetros óptimos decodificados: {'learning_rate': 0.005, 'n_layers': 3, 'neurons_per_layer': 256, 'dropout': 0.5, 'batch_size': 64, 'activation': 'selu', 'optimizer': 'adam', 'epochs': 50}
  - Entrenando el Modelo Híbrido final (MLP + GA) con todo el set de entrenamiento...
    [Epoca 01/50] - loss: 0.6166 - val_loss: 0.4239 - acc: 0.7178 - val_acc: 0.7935
    [Epoca 05/50] - loss: 0.5254 - val_loss: 0.5502 - acc: 0.7618 - val_acc: 0.7407
    [Epoca 10/50] - loss: 0.4895 - val_loss: 0.4835 - acc: 0.7695 - val_acc: 0.7457
  - Modelo híbrido optimizado entrenado en 5.61 segundos.
  - Modelo híbrido guardado en C:\Users\gonza\OneDrive - Universidad Nacional de Chimborazo\CUARTO SEMESTRE\Metahuristicas\Proyecto\models\mlp_hybrid.keras
[Modelo Híbrido] ¡Pipeline de MLP + GA completado con éxito!


=== INICIANDO PIPELINE DE EVALUACIÓN Y COMPARACIÓN ===
  - Cargando modelos entrenados...
  - Calculando predicciones y tiempos de inferencia...

  - Tabla Comparativa de Métricas:
            Accuracy  Precision    Recall  F1-Score   ROC-AUC  Log_Loss  Train_Time  Inference_Time_ms    PR-AUC
Base        0.779573   0.592622  0.779207  0.596792  0.860044  0.430850   13.607035           0.031619  0.986248
Hybrid      0.798111   0.596170  0.771771  0.607423  0.851665  0.425140    5.606507           0.030850  0.985220
Mejora (%)  2.377987   0.598713 -0.954359  1.781384 -0.974255  1.325171  -58.796999           2.429817 -0.104270

  - Ejecutando Test Estadístico de McNemar...
    Tabla Contingencia: [a=8655, b=176, c=386, d=2111]
    Estadístico de McNemar: 77.72420, p-valor: 0.00000e+00
    ¿La diferencia es estadísticamente significativa? SÍ
  - Generando gráficos de curvas ROC y Precision-Recall...
  - Generando matrices de confusión...
  - Generando historial de entrenamiento comparativo...
  - Reporte de comparación en Excel guardado en: C:\Users\gonza\OneDrive - Universidad Nacional de Chimborazo\CUARTO SEMESTRE\Metahuristicas\Proyecto\outputs\reports\reporte_comparativo_modelos.xlsx
[Evaluación] ¡Pipeline de evaluación finalizado con éxito!


=== INICIANDO PIPELINE DE INTERPRETABILIDAD Y EXPLICABILIDAD ===
  - Calculando Valores SHAP globales (KernelExplainer)...
    - Gráfico SHAP beeswarm guardado.
  - Configurando LIME Tabular Explainer...
    - Explicando caso individual con LIME (Índice original: 8015, Clase Real: 1)...
    - Explicación local de LIME guardada como gráfico.
[Interpretabilidad] ¡Pipeline de explicabilidad e interpretabilidad finalizado!

